==PROF== Connected to process 34116 (/home/anhthh/Upenn/Fall25/cis6010_prj/build/bench_csrspmm)
==PROF== Profiling "csrspmm_warp_per_row" - 0 (1/1): 0%....50%....100% - 44 passes
WarpPerRow krnl: avg elapsed time: (0.006715) s, performance: ( 255.77) GFLOPS. size: [8192 x 4096 x 256]
==PROF== Disconnected from process 34116
[34116] bench_csrspmm@127.0.0.1
  csrspmm_warp_per_row(int, int, int, float, float, const float *, const int *, const int *, const float *, float *) (2048, 1, 1)x(128, 1, 1), Context 1, Stream 7, Device 0, CC 8.9
    Section: GPU Speed Of Light Throughput
    ----------------------- ----------- ------------
    Metric Name             Metric Unit Metric Value
    ----------------------- ----------- ------------
    DRAM Frequency                  Ghz         7.99
    SM Frequency                    Ghz         1.39
    Elapsed Cycles                cycle    5,191,919
    Memory Throughput                 %        86.41
    DRAM Throughput                   %         4.52
    Duration                         ms         3.72
    L1/TEX Cache Throughput           %        88.53
    L2 Cache Throughput               %        70.66
    SM Active Cycles              cycle 5,065,523.89
    Compute (SM) Throughput           %        86.41
    ----------------------- ----------- ------------

    INF   This workload is utilizing greater than 80.0% of the available compute or memory performance of this device.  
          To further improve performance, work will likely need to be shifted from the most utilized to another unit.   
          Start by analyzing workloads in the Compute Workload Analysis section.                                        

    Section: GPU Speed Of Light Roofline Chart (Overview)
    INF   The ratio of peak float (FP32) to double (FP64) performance on this device is 64:1. The workload achieved 4%  
          of this device's FP32 peak performance and 0% of its FP64 peak performance. See the Profiling Guide           
          (https://docs.nvidia.com/nsight-compute/ProfilingGuide/index.html#roofline) for more details on roofline      
          analysis.                                                                                                     

    Section: PM Sampling
    ------------------------- ----------- ------------
    Metric Name               Metric Unit Metric Value
    ------------------------- ----------- ------------
    Maximum Buffer Size             Mbyte        16.78
    Maximum Sampling Interval          us            2
    # Pass Groups                                    3
    ------------------------- ----------- ------------

    Section: Compute Workload Analysis
    -------------------- ----------- ------------
    Metric Name          Metric Unit Metric Value
    -------------------- ----------- ------------
    Executed Ipc Active   inst/cycle         1.47
    Executed Ipc Elapsed  inst/cycle         1.43
    Issue Slots Busy               %        35.75
    Issued Ipc Active     inst/cycle         1.47
    SM Busy                        %        35.75
    -------------------- ----------- ------------

    INF   ALU is the highest-utilized pipeline (33.2%) based on elapsed cycles in the workload, taking into account the 
          rates of its different instructions. It executes integer and logic operations. It is well-utilized, but       
          should not be a bottleneck.                                                                                   

    Section: Memory Workload Analysis
    --------------------------------------- ----------- ------------
    Metric Name                             Metric Unit Metric Value
    --------------------------------------- ----------- ------------
    Local Memory Spilling Requests                                 0
    Local Memory Spilling Request Overhead            %            0
    L2 Sector Promotion Misses                        %            0
    Shared Memory Spilling Requests                                0
    Shared Memory Spilling Request Overhead           %            0
    Memory Throughput                           Gbyte/s        11.57
    Mem Busy                                          %        70.66
    Max Bandwidth                                     %        86.41
    L1/TEX Hit Rate                                   %        33.04
    L2 Persisting Size                            Mbyte         6.29
    L2 Compression Success Rate                       %            0
    L2 Compression Ratio                                           0
    L2 Compression Input Sectors                 sector            0
    L2 Hit Rate                                       %        98.93
    Mem Pipes Busy                                    %        86.41
    --------------------------------------- ----------- ------------

    Section: Memory Workload Analysis Tables
    OPT   Est. Speedup: 25.17%                                                                                          
          The memory access pattern for global loads from L1TEX might not be optimal. On average, only 22.7 of the 32   
          bytes transmitted per sector are utilized by each thread. This could possibly be caused by a stride between   
          threads. Check the Source Counters section for uncoalesced global loads.                                      

    Section: Scheduler Statistics
    ---------------------------- ----------- ------------
    Metric Name                  Metric Unit Metric Value
    ---------------------------- ----------- ------------
    One or More Eligible                   %        36.83
    Issued Warp Per Scheduler                        0.37
    No Eligible                            %        63.17
    Active Warps Per Scheduler          warp        11.04
    Eligible Warps Per Scheduler        warp         0.57
    ---------------------------- ----------- ------------

    OPT   Est. Local Speedup: 13.59%                                                                                    
          Every scheduler is capable of issuing one instruction per cycle, but for this workload each scheduler only    
          issues an instruction every 2.7 cycles. This might leave hardware resources underutilized and may lead to     
          less optimal performance. Out of the maximum of 12 warps per scheduler, this workload allocates an average    
          of 11.04 active warps per scheduler, but only an average of 0.57 warps were eligible per cycle. Eligible      
          warps are the subset of active warps that are ready to issue their next instruction. Every cycle with no      
          eligible warp results in no instruction being issued and the issue slot remains unused. To increase the       
          number of eligible warps, avoid possible load imbalances due to highly different execution durations per      
          warp. Reducing stalls indicated on the Warp State Statistics and Source Counters sections can help, too.      

    Section: Warp State Statistics
    ---------------------------------------- ----------- ------------
    Metric Name                              Metric Unit Metric Value
    ---------------------------------------- ----------- ------------
    Warp Cycles Per Issued Instruction             cycle        29.98
    Warp Cycles Per Executed Instruction           cycle        29.98
    Avg. Active Threads Per Warp                                   32
    Avg. Not Predicated Off Threads Per Warp                    31.91
    ---------------------------------------- ----------- ------------

    OPT   Est. Speedup: 13.59%                                                                                          
          On average, each warp of this workload spends 25.4 cycles being stalled waiting for a scoreboard dependency   
          on a L1TEX (local, global, surface, texture) operation. Find the instruction producing the data being waited  
          upon to identify the culprit. To reduce the number of cycles waiting on L1TEX data accesses verify the        
          memory access patterns are optimal for the target architecture, attempt to increase cache hit rates by        
          increasing data locality (coalescing), or by changing the cache configuration. Consider moving frequently     
          used data to shared memory. This stall type represents about 84.6% of the total average of 30.0 cycles        
          between issuing two instructions.                                                                             
    ----- --------------------------------------------------------------------------------------------------------------
    INF   Check the Warp Stall Sampling (All Samples) table for the top stall locations in your source based on         
          sampling data. The Profiling Guide                                                                            
          (https://docs.nvidia.com/nsight-compute/ProfilingGuide/index.html#metrics-reference) provides more details    
          on each stall reason.                                                                                         

    Section: Instruction Statistics
    ---------------------------------------- ----------- ------------
    Metric Name                              Metric Unit Metric Value
    ---------------------------------------- ----------- ------------
    Local Memory Spilling Requests                  byte            0
    Shared Memory Spilling Requests                 byte            0
    Avg. Executed Instructions Per Scheduler        inst 1,855,546.78
    Executed Instructions                           inst  267,198,736
    Avg. Issued Instructions Per Scheduler          inst 1,855,671.65
    Issued Instructions                             inst  267,216,718
    ---------------------------------------- ----------- ------------

    Section: Launch Statistics
    -------------------------------- --------------- ---------------
    Metric Name                          Metric Unit    Metric Value
    -------------------------------- --------------- ---------------
    Block Size                                                   128
    Function Cache Configuration                     CachePreferNone
    Grid Size                                                  2,048
    Registers Per Thread             register/thread              40
    Shared Memory Configuration Size           Kbyte           32.77
    Driver Shared Memory Per Block       Kbyte/block            1.02
    Dynamic Shared Memory Per Block       byte/block               0
    Static Shared Memory Per Block        byte/block               0
    # SMs                                         SM              36
    Stack Size                                                 1,024
    Threads                                   thread         262,144
    # TPCs                                                        18
    Enabled TPC IDs                                              all
    Uses Green Context                                             0
    Waves Per SM                                                4.74
    -------------------------------- --------------- ---------------

    OPT   Est. Speedup: 20%                                                                                             
          A wave of thread blocks is defined as the maximum number of blocks that can be executed in parallel on the    
          target GPU. The number of blocks in a wave depends on the number of multiprocessors and the theoretical       
          occupancy of the kernel. This kernel launch results in 4 full waves and a partial wave of 320 thread blocks.  
          Under the assumption of a uniform execution duration of all thread blocks, this partial wave may account for  
          up to 20.0% of the total runtime of this kernel. Try launching a grid with no partial wave. The overall       
          impact of this tail effect also lessens with the number of full waves executed for a grid. See the Hardware   
          Model (https://docs.nvidia.com/nsight-compute/ProfilingGuide/index.html#metrics-hw-model) description for     
          more details on launch configurations.                                                                        

    Section: Occupancy
    ------------------------------- ----------- ------------
    Metric Name                     Metric Unit Metric Value
    ------------------------------- ----------- ------------
    Block Limit SM                        block           24
    Block Limit Registers                 block           12
    Block Limit Shared Mem                block           32
    Block Limit Warps                     block           12
    Theoretical Active Warps per SM        warp           48
    Theoretical Occupancy                     %          100
    Achieved Occupancy                        %        91.68
    Achieved Active Warps Per SM           warp        44.00
    ------------------------------- ----------- ------------

    Section: GPU and Memory Workload Distribution
    -------------------------- ----------- ------------
    Metric Name                Metric Unit Metric Value
    -------------------------- ----------- ------------
    Average DRAM Active Cycles       cycle    1,346,352
    Total DRAM Elapsed Cycles        cycle  119,022,592
    Average L1 Active Cycles         cycle 5,065,523.89
    Total L1 Elapsed Cycles          cycle  186,839,640
    Average L2 Active Cycles         cycle 4,701,092.31
    Total L2 Elapsed Cycles          cycle   76,822,992
    Average SM Active Cycles         cycle 5,065,523.89
    Total SM Elapsed Cycles          cycle  186,839,640
    Average SMSP Active Cycles       cycle 5,038,969.29
    Total SMSP Elapsed Cycles        cycle  747,358,560
    -------------------------- ----------- ------------

    Section: Source Counters
    ------------------------- ----------- ------------
    Metric Name               Metric Unit Metric Value
    ------------------------- ----------- ------------
    Branch Instructions Ratio           %         0.01
    Branch Instructions              inst    2,564,608
    Branch Efficiency                   %          100
    Avg. Divergent Branches      branches            0
    ------------------------- ----------- ------------

