==PROF== Connected to process 34021 (/home/anhthh/Upenn/Fall25/cis6010_prj/build/bench_csrspmm)
==PROF== Profiling "csrspmm_naive" - 0 (1/1): 0%....50%....100% - 44 passes
Naive krnl: avg elapsed time: (0.006282) s, performance: ( 273.39) GFLOPS. size: [8192 x 4096 x 256]
==PROF== Disconnected from process 34021
[34021] bench_csrspmm@127.0.0.1
  csrspmm_naive(int, int, int, float, float, const float *, const int *, const int *, const float *, float *) (8, 256, 1)x(32, 32, 1), Context 1, Stream 7, Device 0, CC 8.9
    Section: GPU Speed Of Light Throughput
    ----------------------- ----------- ------------
    Metric Name             Metric Unit Metric Value
    ----------------------- ----------- ------------
    DRAM Frequency                  Ghz         7.99
    SM Frequency                    Ghz         1.39
    Elapsed Cycles                cycle    4,746,916
    Memory Throughput                 %        94.72
    DRAM Throughput                   %         4.91
    Duration                         ms         3.40
    L1/TEX Cache Throughput           %        95.42
    L2 Cache Throughput               %        30.73
    SM Active Cycles              cycle 4,710,514.47
    Compute (SM) Throughput           %        94.72
    ----------------------- ----------- ------------

    INF   This workload is utilizing greater than 80.0% of the available compute or memory performance of this device.  
          To further improve performance, work will likely need to be shifted from the most utilized to another unit.   
          Start by analyzing workloads in the Compute Workload Analysis section.                                        

    Section: GPU Speed Of Light Roofline Chart (Overview)
    INF   The ratio of peak float (FP32) to double (FP64) performance on this device is 64:1. The workload achieved 4%  
          of this device's FP32 peak performance and 0% of its FP64 peak performance. See the Profiling Guide           
          (https://docs.nvidia.com/nsight-compute/ProfilingGuide/index.html#roofline) for more details on roofline      
          analysis.                                                                                                     

    Section: PM Sampling
    ------------------------- ----------- ------------
    Metric Name               Metric Unit Metric Value
    ------------------------- ----------- ------------
    Maximum Buffer Size             Mbyte        16.78
    Maximum Sampling Interval          us            2
    # Pass Groups                                    3
    ------------------------- ----------- ------------

    Section: Compute Workload Analysis
    -------------------- ----------- ------------
    Metric Name          Metric Unit Metric Value
    -------------------- ----------- ------------
    Executed Ipc Active   inst/cycle         1.05
    Executed Ipc Elapsed  inst/cycle         1.04
    Issue Slots Busy               %        26.08
    Issued Ipc Active     inst/cycle         1.05
    SM Busy                        %        31.63
    -------------------- ----------- ------------

    OPT   Est. Local Speedup: 84.06%                                                                                    
          All compute pipelines are under-utilized. Either this workload is very small or it doesn't issue enough warps 
          per scheduler. Check the Launch Statistics and Scheduler Statistics sections for further details.             

    Section: Memory Workload Analysis
    --------------------------------------- ----------- ------------
    Metric Name                             Metric Unit Metric Value
    --------------------------------------- ----------- ------------
    Local Memory Spilling Requests                                 0
    Local Memory Spilling Request Overhead            %            0
    L2 Sector Promotion Misses                        %            0
    Shared Memory Spilling Requests                                0
    Shared Memory Spilling Request Overhead           %            0
    Memory Throughput                           Gbyte/s        12.55
    Mem Busy                                          %        47.38
    Max Bandwidth                                     %        94.72
    L1/TEX Hit Rate                                   %        73.78
    L2 Persisting Size                            Mbyte         6.29
    L2 Compression Success Rate                       %            0
    L2 Compression Ratio                                           0
    L2 Compression Input Sectors                 sector            0
    L2 Hit Rate                                       %        97.12
    Mem Pipes Busy                                    %        94.72
    --------------------------------------- ----------- ------------

    Section: Memory Workload Analysis Tables
    OPT   Est. Speedup: 27.63%                                                                                          
          The memory access pattern for global loads from L1TEX might not be optimal. On average, only 22.7 of the 32   
          bytes transmitted per sector are utilized by each thread. This could possibly be caused by a stride between   
          threads. Check the Source Counters section for uncoalesced global loads.                                      

    Section: Scheduler Statistics
    ---------------------------- ----------- ------------
    Metric Name                  Metric Unit Metric Value
    ---------------------------- ----------- ------------
    One or More Eligible                   %        26.68
    Issued Warp Per Scheduler                        0.27
    No Eligible                            %        73.32
    Active Warps Per Scheduler          warp         7.74
    Eligible Warps Per Scheduler        warp         0.99
    ---------------------------- ----------- ------------

    OPT   Est. Local Speedup: 5.277%                                                                                    
          Every scheduler is capable of issuing one instruction per cycle, but for this workload each scheduler only    
          issues an instruction every 3.7 cycles. This might leave hardware resources underutilized and may lead to     
          less optimal performance. Out of the maximum of 12 warps per scheduler, this workload allocates an average    
          of 7.74 active warps per scheduler, but only an average of 0.99 warps were eligible per cycle. Eligible       
          warps are the subset of active warps that are ready to issue their next instruction. Every cycle with no      
          eligible warp results in no instruction being issued and the issue slot remains unused. To increase the       
          number of eligible warps, avoid possible load imbalances due to highly different execution durations per      
          warp. Reducing stalls indicated on the Warp State Statistics and Source Counters sections can help, too.      

    Section: Warp State Statistics
    ---------------------------------------- ----------- ------------
    Metric Name                              Metric Unit Metric Value
    ---------------------------------------- ----------- ------------
    Warp Cycles Per Issued Instruction             cycle        29.02
    Warp Cycles Per Executed Instruction           cycle        29.02
    Avg. Active Threads Per Warp                                   32
    Avg. Not Predicated Off Threads Per Warp                    31.90
    ---------------------------------------- ----------- ------------

    OPT   Est. Speedup: 5.277%                                                                                          
          On average, each warp of this workload spends 18.6 cycles being stalled waiting for the L1 instruction queue  
          for local and global (LG) memory operations to be not full. Typically, this stall occurs only when executing  
          local or global memory instructions extremely frequently. Avoid redundant global memory accesses. Try to      
          avoid using thread-local memory by checking if dynamically indexed arrays are declared in local scope, or if  
          the kernel has excessive register pressure causing spills. If applicable, consider combining multiple         
          lower-width memory operations into fewer wider memory operations and try interleaving memory operations and   
          math instructions. This stall type represents about 64.1% of the total average of 29.0 cycles between         
          issuing two instructions.                                                                                     
    ----- --------------------------------------------------------------------------------------------------------------
    INF   Check the Warp Stall Sampling (All Samples) table for the top stall locations in your source based on         
          sampling data. The Profiling Guide                                                                            
          (https://docs.nvidia.com/nsight-compute/ProfilingGuide/index.html#metrics-reference) provides more details    
          on each stall reason.                                                                                         

    Section: Instruction Statistics
    ---------------------------------------- ----------- ------------
    Metric Name                              Metric Unit Metric Value
    ---------------------------------------- ----------- ------------
    Local Memory Spilling Requests                  byte            0
    Shared Memory Spilling Requests                 byte            0
    Avg. Executed Instructions Per Scheduler        inst 1,237,535.56
    Executed Instructions                           inst  178,205,120
    Avg. Issued Instructions Per Scheduler          inst 1,237,581.58
    Issued Instructions                             inst  178,211,747
    ---------------------------------------- ----------- ------------

    Section: Launch Statistics
    -------------------------------- --------------- ---------------
    Metric Name                          Metric Unit    Metric Value
    -------------------------------- --------------- ---------------
    Block Size                                                 1,024
    Function Cache Configuration                     CachePreferNone
    Grid Size                                                  2,048
    Registers Per Thread             register/thread              40
    Shared Memory Configuration Size           Kbyte            8.19
    Driver Shared Memory Per Block       Kbyte/block            1.02
    Dynamic Shared Memory Per Block       byte/block               0
    Static Shared Memory Per Block        byte/block               0
    # SMs                                         SM              36
    Stack Size                                                 1,024
    Threads                                   thread       2,097,152
    # TPCs                                                        18
    Enabled TPC IDs                                              all
    Uses Green Context                                             0
    Waves Per SM                                               56.89
    -------------------------------- --------------- ---------------

    Section: Occupancy
    ------------------------------- ----------- ------------
    Metric Name                     Metric Unit Metric Value
    ------------------------------- ----------- ------------
    Block Limit SM                        block           24
    Block Limit Registers                 block            1
    Block Limit Shared Mem                block            8
    Block Limit Warps                     block            1
    Theoretical Active Warps per SM        warp           32
    Theoretical Occupancy                     %        66.67
    Achieved Occupancy                        %        63.54
    Achieved Active Warps Per SM           warp        30.50
    ------------------------------- ----------- ------------

    OPT   Est. Speedup: 5.277%                                                                                          
          The 8.00 theoretical warps per scheduler this kernel can issue according to its occupancy are below the       
          hardware maximum of 12. This kernel's theoretical occupancy (66.7%) is limited by the number of required      
          registers, and the number of warps within each block.                                                         

    Section: GPU and Memory Workload Distribution
    -------------------------- ----------- ------------
    Metric Name                Metric Unit Metric Value
    -------------------------- ----------- ------------
    Average DRAM Active Cycles       cycle    1,334,700
    Total DRAM Elapsed Cycles        cycle  108,822,528
    Average L1 Active Cycles         cycle 4,710,514.47
    Total L1 Elapsed Cycles          cycle  170,821,560
    Average L2 Active Cycles         cycle 4,333,266.19
    Total L2 Elapsed Cycles          cycle   69,425,008
    Average SM Active Cycles         cycle 4,710,514.47
    Total SM Elapsed Cycles          cycle  170,821,560
    Average SMSP Active Cycles       cycle 4,639,074.64
    Total SMSP Elapsed Cycles        cycle  683,286,240
    -------------------------- ----------- ------------

    Section: Source Counters
    ------------------------- ----------- ------------
    Metric Name               Metric Unit Metric Value
    ------------------------- ----------- ------------
    Branch Instructions Ratio           %         0.01
    Branch Instructions              inst    2,597,736
    Branch Efficiency                   %          100
    Avg. Divergent Branches      branches            0
    ------------------------- ----------- ------------

